Tabuleiro 1 em andamento [X: (3,2)(1,3)]
Tabuleiro 2 em andamento [O: sem jogada mestre]
Tabuleiro 3 em andamento [X: (2,3)]
Tabuleiro 4 invalido
Tabuleiro 5 em andamento [proximo jogador indefinido]
Tabuleiro 6 deu velha
Tabuleiro 7 com vitoria [X]
