Tabuleiro 1 em andamento [X: (3,3)]
Tabuleiro 2 com vitoria [X]
Tabuleiro 3 com vitoria [X]
Tabuleiro 4 em andamento [proximo jogador indefinido]
Tabuleiro 5 em andamento [proximo jogador indefinido]
Tabuleiro 6 invalido
Tabuleiro 7 em andamento [X: (1,1)]
Tabuleiro 8 em andamento [X: (3,3)(2,2)]
Tabuleiro 9 com vitoria [X]
Tabuleiro 10 em andamento [O: sem jogada mestre]
